Starting Vivado...

****** Vivado v2025.2 (64-bit)
  **** SW Build 6299465 on Fri Nov 14 12:34:56 MST 2025
  **** IP Build 6300035 on Fri Nov 14 10:48:45 MST 2025
  **** SharedData Build 6298862 on Thu Nov 13 04:50:51 MST 2025
  **** Start of session at: Tue Mar 31 15:14:52 2026
    ** Copyright 1986-2022 Xilinx, Inc. All Rights Reserved.
    ** Copyright 2022-2025 Advanced Micro Devices, Inc. All Rights Reserved.

source /home/ozy/alchitry/au_test/work/project.tcl
# set projDir "/home/ozy/alchitry/au_test/work/vivado"
# set projName "au_test"
# set topName top
# set device xc7a35tftg256-1
# if {[file exists "$projDir/$projName"]} { file delete -force "$projDir/$projName" }
# create_project $projName "$projDir/$projName" -part $device
# set_property design_mode RTL [get_filesets sources_1]
# set verilogSources [list "/home/ozy/alchitry/au_test/work/verilog/au_top_0.v" "/home/ozy/alchitry/au_test/work/verilog/reset_conditioner_1.v" ]
# import_files -fileset [get_filesets sources_1] -force -norecurse $verilogSources
# set xdcSources [list "/home/ozy/Downloads/alchitry-labs-1.2.7-linux/alchitry-labs-1.2.7/library/components/au.xdc" "/home/ozy/alchitry/au_test/work/constraint/alchitry.xdc" ]
# read_xdc $xdcSources
# set_property STEPS.WRITE_BITSTREAM.ARGS.BIN_FILE true [get_runs impl_1]
# update_compile_order -fileset sources_1
# launch_runs -runs synth_1 -jobs 16
WARNING: [Vivado 12-7122] Auto Incremental Compile:: No reference checkpoint was found in run synth_1. Auto-incremental flow will not be run, the standard flow will be run instead.
[Tue Mar 31 15:14:56 2026] Launched synth_1...
Run output will be captured here: /home/ozy/alchitry/au_test/work/vivado/au_test/au_test.runs/synth_1/runme.log
# wait_on_run synth_1
[Tue Mar 31 15:14:56 2026] Waiting for synth_1 to finish...

*** Running vivado
    with args -log au_top_0.vds -m64 -product Vivado -mode batch -messageDb vivado.pb -notrace -source au_top_0.tcl


****** Vivado v2025.2 (64-bit)
  **** SW Build 6299465 on Fri Nov 14 12:34:56 MST 2025
  **** IP Build 6300035 on Fri Nov 14 10:48:45 MST 2025
  **** SharedData Build 6298862 on Thu Nov 13 04:50:51 MST 2025
  **** Start of session at: Tue Mar 31 15:14:58 2026
    ** Copyright 1986-2022 Xilinx, Inc. All Rights Reserved.
    ** Copyright 2022-2025 Advanced Micro Devices, Inc. All Rights Reserved.

source au_top_0.tcl -notrace
Command: synth_design -top au_top_0 -part xc7a35tftg256-1
Starting synth_design
Attempting to get a license for feature 'Synthesis' and/or device 'xc7a35t'
INFO: [Common 17-349] Got license for feature 'Synthesis' and/or device 'xc7a35t'
INFO: [Device 21-403] Loading part xc7a35tftg256-1
INFO: [Synth 8-7079] Multithreading enabled for synth_design using a maximum of 7 processes.
INFO: [Synth 8-7078] Launching helper process for spawning children vivado processes
INFO: [Synth 8-7075] Helper process launched with PID 13366
---------------------------------------------------------------------------------
Starting RTL Elaboration : Time (s): cpu = 00:00:03 ; elapsed = 00:00:03 . Memory (MB): peak = 2183.395 ; gain = 482.875 ; free physical = 323 ; free virtual = 11749
---------------------------------------------------------------------------------
INFO: [Synth 8-6157] synthesizing module 'au_top_0' [/home/ozy/alchitry/au_test/work/vivado/au_test/au_test.srcs/sources_1/imports/verilog/au_top_0.v:1]
INFO: [Synth 8-6157] synthesizing module 'reset_conditioner_1' [/home/ozy/alchitry/au_test/work/vivado/au_test/au_test.srcs/sources_1/imports/verilog/reset_conditioner_1.v:11]
INFO: [Synth 8-6155] done synthesizing module 'reset_conditioner_1' (0#1) [/home/ozy/alchitry/au_test/work/vivado/au_test/au_test.srcs/sources_1/imports/verilog/reset_conditioner_1.v:11]
INFO: [Synth 8-6155] done synthesizing module 'au_top_0' (0#1) [/home/ozy/alchitry/au_test/work/vivado/au_test/au_test.srcs/sources_1/imports/verilog/au_top_0.v:1]
WARNING: [Synth 8-3917] design au_top_0 has port led[7] driven by constant 0
WARNING: [Synth 8-3917] design au_top_0 has port led[6] driven by constant 0
WARNING: [Synth 8-3917] design au_top_0 has port led[5] driven by constant 0
WARNING: [Synth 8-3917] design au_top_0 has port led[4] driven by constant 0
WARNING: [Synth 8-3917] design au_top_0 has port led[3] driven by constant 0
WARNING: [Synth 8-3917] design au_top_0 has port led[2] driven by constant 0
WARNING: [Synth 8-3917] design au_top_0 has port led[1] driven by constant 0
WARNING: [Synth 8-3917] design au_top_0 has port led[0] driven by constant 0
---------------------------------------------------------------------------------
Finished RTL Elaboration : Time (s): cpu = 00:00:04 ; elapsed = 00:00:04 . Memory (MB): peak = 2268.332 ; gain = 567.812 ; free physical = 204 ; free virtual = 11632
---------------------------------------------------------------------------------
---------------------------------------------------------------------------------
Start Handling Custom Attributes
---------------------------------------------------------------------------------
---------------------------------------------------------------------------------
Finished Handling Custom Attributes : Time (s): cpu = 00:00:04 ; elapsed = 00:00:04 . Memory (MB): peak = 2283.176 ; gain = 582.656 ; free physical = 204 ; free virtual = 11632
---------------------------------------------------------------------------------
---------------------------------------------------------------------------------
Finished RTL Optimization Phase 1 : Time (s): cpu = 00:00:04 ; elapsed = 00:00:04 . Memory (MB): peak = 2283.176 ; gain = 582.656 ; free physical = 204 ; free virtual = 11632
---------------------------------------------------------------------------------
Netlist sorting complete. Time (s): cpu = 00:00:00 ; elapsed = 00:00:00 . Memory (MB): peak = 2283.176 ; gain = 0.000 ; free physical = 204 ; free virtual = 11632
INFO: [Project 1-570] Preparing netlist for logic optimization

Processing XDC Constraints
Initializing timing engine
Parsing XDC File [/home/ozy/Downloads/alchitry-labs-1.2.7-linux/alchitry-labs-1.2.7/library/components/au.xdc]
Finished Parsing XDC File [/home/ozy/Downloads/alchitry-labs-1.2.7-linux/alchitry-labs-1.2.7/library/components/au.xdc]
Parsing XDC File [/home/ozy/alchitry/au_test/work/constraint/alchitry.xdc]
Finished Parsing XDC File [/home/ozy/alchitry/au_test/work/constraint/alchitry.xdc]
INFO: [Project 1-236] Implementation specific constraints were found while reading constraint file [/home/ozy/alchitry/au_test/work/constraint/alchitry.xdc]. These constraints will be ignored for synthesis but will be used in implementation. Impacted constraints are listed in the file [.Xil/au_top_0_propImpl.xdc].
Resolution: To avoid this warning, move constraints listed in [.Xil/au_top_0_propImpl.xdc] to another XDC file and exclude this new file from synthesis with the used_in_synthesis property (File Properties dialog in GUI) and re-run elaboration/synthesis.
Completed Processing XDC Constraints

Netlist sorting complete. Time (s): cpu = 00:00:00 ; elapsed = 00:00:00 . Memory (MB): peak = 2335.070 ; gain = 0.000 ; free physical = 188 ; free virtual = 11617
INFO: [Project 1-111] Unisim Transformation Summary:
No Unisim elements were transformed.

Constraint Validation Runtime : Time (s): cpu = 00:00:00 ; elapsed = 00:00:00 . Memory (MB): peak = 2335.105 ; gain = 0.000 ; free physical = 188 ; free virtual = 11617
---------------------------------------------------------------------------------
Finished Constraint Validation : Time (s): cpu = 00:00:09 ; elapsed = 00:00:09 . Memory (MB): peak = 2335.105 ; gain = 634.586 ; free physical = 258 ; free virtual = 11588
---------------------------------------------------------------------------------
---------------------------------------------------------------------------------
Start Loading Part and Timing Information
---------------------------------------------------------------------------------
Loading part: xc7a35tftg256-1
---------------------------------------------------------------------------------
Finished Loading Part and Timing Information : Time (s): cpu = 00:00:09 ; elapsed = 00:00:09 . Memory (MB): peak = 2343.074 ; gain = 642.555 ; free physical = 258 ; free virtual = 11588
---------------------------------------------------------------------------------
---------------------------------------------------------------------------------
Start Applying 'set_property' XDC Constraints
---------------------------------------------------------------------------------
---------------------------------------------------------------------------------
Finished applying 'set_property' XDC Constraints : Time (s): cpu = 00:00:09 ; elapsed = 00:00:09 . Memory (MB): peak = 2343.074 ; gain = 642.555 ; free physical = 258 ; free virtual = 11588
---------------------------------------------------------------------------------
---------------------------------------------------------------------------------
Finished RTL Optimization Phase 2 : Time (s): cpu = 00:00:09 ; elapsed = 00:00:10 . Memory (MB): peak = 2343.074 ; gain = 642.555 ; free physical = 257 ; free virtual = 11588
---------------------------------------------------------------------------------
---------------------------------------------------------------------------------
Start RTL Component Statistics 
---------------------------------------------------------------------------------
Detailed RTL Component Info : 
+---Registers : 
	                4 Bit    Registers := 1     
---------------------------------------------------------------------------------
Finished RTL Component Statistics 
---------------------------------------------------------------------------------
---------------------------------------------------------------------------------
Start Part Resource Summary
---------------------------------------------------------------------------------
Part Resources:
DSPs: 90 (col length:60)
BRAMs: 100 (col length: RAMB18 60 RAMB36 30)
---------------------------------------------------------------------------------
Finished Part Resource Summary
---------------------------------------------------------------------------------
---------------------------------------------------------------------------------
Start Cross Boundary and Area Optimization
---------------------------------------------------------------------------------
WARNING: [Synth 8-3330] design au_top_0 has an empty top module
WARNING: [Synth 8-3917] design au_top_0 has port led[7] driven by constant 0
WARNING: [Synth 8-3917] design au_top_0 has port led[6] driven by constant 0
WARNING: [Synth 8-3917] design au_top_0 has port led[5] driven by constant 0
WARNING: [Synth 8-3917] design au_top_0 has port led[4] driven by constant 0
WARNING: [Synth 8-3917] design au_top_0 has port led[3] driven by constant 0
WARNING: [Synth 8-3917] design au_top_0 has port led[2] driven by constant 0
WARNING: [Synth 8-3917] design au_top_0 has port led[1] driven by constant 0
WARNING: [Synth 8-3917] design au_top_0 has port led[0] driven by constant 0
WARNING: [Synth 8-7129] Port clk in module au_top_0 is either unconnected or has no load
WARNING: [Synth 8-7129] Port rst_n in module au_top_0 is either unconnected or has no load
---------------------------------------------------------------------------------
Finished Cross Boundary and Area Optimization : Time (s): cpu = 00:00:10 ; elapsed = 00:00:11 . Memory (MB): peak = 2343.074 ; gain = 642.555 ; free physical = 239 ; free virtual = 11572
---------------------------------------------------------------------------------
---------------------------------------------------------------------------------
Start Applying XDC Timing Constraints
---------------------------------------------------------------------------------
---------------------------------------------------------------------------------
Finished Applying XDC Timing Constraints : Time (s): cpu = 00:00:13 ; elapsed = 00:00:14 . Memory (MB): peak = 2437.074 ; gain = 736.555 ; free physical = 293 ; free virtual = 11530
---------------------------------------------------------------------------------
---------------------------------------------------------------------------------
Start Timing Optimization
---------------------------------------------------------------------------------
---------------------------------------------------------------------------------
Finished Timing Optimization : Time (s): cpu = 00:00:13 ; elapsed = 00:00:14 . Memory (MB): peak = 2437.074 ; gain = 736.555 ; free physical = 293 ; free virtual = 11530
---------------------------------------------------------------------------------
---------------------------------------------------------------------------------
Start Technology Mapping
---------------------------------------------------------------------------------
---------------------------------------------------------------------------------
Finished Technology Mapping : Time (s): cpu = 00:00:13 ; elapsed = 00:00:14 . Memory (MB): peak = 2447.090 ; gain = 746.570 ; free physical = 286 ; free virtual = 11523
---------------------------------------------------------------------------------
---------------------------------------------------------------------------------
Start IO Insertion
---------------------------------------------------------------------------------
---------------------------------------------------------------------------------
Start Flattening Before IO Insertion
---------------------------------------------------------------------------------
---------------------------------------------------------------------------------
Finished Flattening Before IO Insertion
---------------------------------------------------------------------------------
---------------------------------------------------------------------------------
Start Final Netlist Cleanup
---------------------------------------------------------------------------------
---------------------------------------------------------------------------------
Finished Final Netlist Cleanup
---------------------------------------------------------------------------------
---------------------------------------------------------------------------------
Finished IO Insertion : Time (s): cpu = 00:00:16 ; elapsed = 00:00:17 . Memory (MB): peak = 2633.902 ; gain = 933.383 ; free physical = 235 ; free virtual = 11371
---------------------------------------------------------------------------------
---------------------------------------------------------------------------------
Start Renaming Generated Instances
---------------------------------------------------------------------------------
---------------------------------------------------------------------------------
Finished Renaming Generated Instances : Time (s): cpu = 00:00:16 ; elapsed = 00:00:17 . Memory (MB): peak = 2633.902 ; gain = 933.383 ; free physical = 235 ; free virtual = 11371
---------------------------------------------------------------------------------
---------------------------------------------------------------------------------
Start Rebuilding User Hierarchy
---------------------------------------------------------------------------------
---------------------------------------------------------------------------------
Finished Rebuilding User Hierarchy : Time (s): cpu = 00:00:16 ; elapsed = 00:00:17 . Memory (MB): peak = 2633.902 ; gain = 933.383 ; free physical = 235 ; free virtual = 11371
---------------------------------------------------------------------------------
---------------------------------------------------------------------------------
Start Renaming Generated Ports
---------------------------------------------------------------------------------
---------------------------------------------------------------------------------
Finished Renaming Generated Ports : Time (s): cpu = 00:00:16 ; elapsed = 00:00:17 . Memory (MB): peak = 2633.902 ; gain = 933.383 ; free physical = 235 ; free virtual = 11371
---------------------------------------------------------------------------------
---------------------------------------------------------------------------------
Start Handling Custom Attributes
---------------------------------------------------------------------------------
---------------------------------------------------------------------------------
Finished Handling Custom Attributes : Time (s): cpu = 00:00:16 ; elapsed = 00:00:17 . Memory (MB): peak = 2633.902 ; gain = 933.383 ; free physical = 235 ; free virtual = 11371
---------------------------------------------------------------------------------
---------------------------------------------------------------------------------
Start Renaming Generated Nets
---------------------------------------------------------------------------------
---------------------------------------------------------------------------------
Finished Renaming Generated Nets : Time (s): cpu = 00:00:16 ; elapsed = 00:00:17 . Memory (MB): peak = 2633.902 ; gain = 933.383 ; free physical = 235 ; free virtual = 11371
---------------------------------------------------------------------------------
---------------------------------------------------------------------------------
Start Writing Synthesis Report
---------------------------------------------------------------------------------

Report BlackBoxes: 
+-+--------------+----------+
| |BlackBox name |Instances |
+-+--------------+----------+
+-+--------------+----------+

Report Cell Usage: 
+------+-----+------+
|      |Cell |Count |
+------+-----+------+
|1     |IBUF |     1|
|2     |OBUF |     9|
+------+-----+------+
---------------------------------------------------------------------------------
Finished Writing Synthesis Report : Time (s): cpu = 00:00:16 ; elapsed = 00:00:17 . Memory (MB): peak = 2633.902 ; gain = 933.383 ; free physical = 235 ; free virtual = 11371
---------------------------------------------------------------------------------
Synthesis finished with 0 errors, 0 critical warnings and 11 warnings.
Synthesis Optimization Runtime : Time (s): cpu = 00:00:15 ; elapsed = 00:00:15 . Memory (MB): peak = 2633.902 ; gain = 881.453 ; free physical = 235 ; free virtual = 11371
Synthesis Optimization Complete : Time (s): cpu = 00:00:16 ; elapsed = 00:00:17 . Memory (MB): peak = 2633.910 ; gain = 933.383 ; free physical = 235 ; free virtual = 11371
INFO: [Project 1-571] Translating synthesized netlist
Netlist sorting complete. Time (s): cpu = 00:00:00 ; elapsed = 00:00:00 . Memory (MB): peak = 2633.910 ; gain = 0.000 ; free physical = 235 ; free virtual = 11371
INFO: [Project 1-570] Preparing netlist for logic optimization
INFO: [Opt 31-138] Pushed 0 inverter(s) to 0 load pin(s).
Netlist sorting complete. Time (s): cpu = 00:00:00 ; elapsed = 00:00:00 . Memory (MB): peak = 2633.910 ; gain = 0.000 ; free physical = 359 ; free virtual = 11495
INFO: [Project 1-111] Unisim Transformation Summary:
No Unisim elements were transformed.

Synth Design complete | Checksum: 4c42df25
INFO: [Common 17-83] Releasing license: Synthesis
17 Infos, 19 Warnings, 0 Critical Warnings and 0 Errors encountered.
synth_design completed successfully
synth_design: Time (s): cpu = 00:00:21 ; elapsed = 00:00:20 . Memory (MB): peak = 2633.938 ; gain = 1023.785 ; free physical = 356 ; free virtual = 11492
INFO: [Common 17-2834] synth_design peak Physical Memory [PSS] (MB): overall = 1681.269; main = 1681.269; forked = 253.358
INFO: [Common 17-2834] synth_design peak Virtual Memory [VSS] (MB): overall = 3338.254; main = 2633.906; forked = 995.176
Write ShapeDB Complete: Time (s): cpu = 00:00:00 ; elapsed = 00:00:00 . Memory (MB): peak = 2657.914 ; gain = 0.000 ; free physical = 357 ; free virtual = 11493
INFO: [Common 17-1381] The checkpoint '/home/ozy/alchitry/au_test/work/vivado/au_test/au_test.runs/synth_1/au_top_0.dcp' has been generated.
INFO: [Vivado 12-24828] Executing command : report_utilization -file au_top_0_utilization_synth.rpt -pb au_top_0_utilization_synth.pb
INFO: [Common 17-206] Exiting Vivado at Tue Mar 31 15:15:21 2026...
[Tue Mar 31 15:15:21 2026] synth_1 finished
wait_on_runs: Time (s): cpu = 00:00:32 ; elapsed = 00:00:25 . Memory (MB): peak = 1610.414 ; gain = 0.000 ; free physical = 1871 ; free virtual = 13001
# launch_runs impl_1 -to_step write_bitstream -jobs 16
[Tue Mar 31 15:15:21 2026] Launched impl_1...
Run output will be captured here: /home/ozy/alchitry/au_test/work/vivado/au_test/au_test.runs/impl_1/runme.log
# wait_on_run impl_1
[Tue Mar 31 15:15:21 2026] Waiting for impl_1 to finish...

*** Running vivado
    with args -log au_top_0.vdi -applog -m64 -product Vivado -messageDb vivado.pb -mode batch -source au_top_0.tcl -notrace


****** Vivado v2025.2 (64-bit)
  **** SW Build 6299465 on Fri Nov 14 12:34:56 MST 2025
  **** IP Build 6300035 on Fri Nov 14 10:48:45 MST 2025
  **** SharedData Build 6298862 on Thu Nov 13 04:50:51 MST 2025
  **** Start of session at: Tue Mar 31 15:15:23 2026
    ** Copyright 1986-2022 Xilinx, Inc. All Rights Reserved.
    ** Copyright 2022-2025 Advanced Micro Devices, Inc. All Rights Reserved.

source au_top_0.tcl -notrace
Command: link_design -top au_top_0 -part xc7a35tftg256-1
Design is defaulting to srcset: sources_1
Design is defaulting to constrset: constrs_1
INFO: [Device 21-403] Loading part xc7a35tftg256-1
Netlist sorting complete. Time (s): cpu = 00:00:00 ; elapsed = 00:00:00.01 . Memory (MB): peak = 1727.262 ; gain = 0.000 ; free physical = 1213 ; free virtual = 12351
INFO: [Project 1-479] Netlist was created with Vivado 2025.2
INFO: [Project 1-570] Preparing netlist for logic optimization
Parsing XDC File [/home/ozy/Downloads/alchitry-labs-1.2.7-linux/alchitry-labs-1.2.7/library/components/au.xdc]
Finished Parsing XDC File [/home/ozy/Downloads/alchitry-labs-1.2.7-linux/alchitry-labs-1.2.7/library/components/au.xdc]
Parsing XDC File [/home/ozy/alchitry/au_test/work/constraint/alchitry.xdc]
Finished Parsing XDC File [/home/ozy/alchitry/au_test/work/constraint/alchitry.xdc]
INFO: [Opt 31-138] Pushed 0 inverter(s) to 0 load pin(s).
Netlist sorting complete. Time (s): cpu = 00:00:00 ; elapsed = 00:00:00 . Memory (MB): peak = 1863.809 ; gain = 0.000 ; free physical = 1096 ; free virtual = 12234
INFO: [Project 1-111] Unisim Transformation Summary:
No Unisim elements were transformed.

5 Infos, 0 Warnings, 0 Critical Warnings and 0 Errors encountered.
link_design completed successfully
Command: opt_design
Attempting to get a license for feature 'Implementation' and/or device 'xc7a35t'
INFO: [Common 17-349] Got license for feature 'Implementation' and/or device 'xc7a35t'
Running DRC as a precondition to command opt_design

Starting DRC Task
INFO: [DRC 23-27] Running DRC with 8 threads
INFO: [Project 1-461] DRC finished with 0 Errors
INFO: [Project 1-462] Please refer to the DRC report (report_drc) for more information.

Time (s): cpu = 00:00:00.3 ; elapsed = 00:00:00.29 . Memory (MB): peak = 1880.652 ; gain = 13.840 ; free physical = 1083 ; free virtual = 12222

Starting Cache Timing Information Task
INFO: [Timing 38-35] Done setting XDC timing constraints.
Ending Cache Timing Information Task | Checksum: 1feedd164

Time (s): cpu = 00:00:03 ; elapsed = 00:00:03 . Memory (MB): peak = 2353.449 ; gain = 472.797 ; free physical = 646 ; free virtual = 11801

Starting Logic Optimization Task

Phase 1 Initialization

Phase 1.1 Core Generation And Design Setup
Phase 1.1 Core Generation And Design Setup | Checksum: 1feedd164

Time (s): cpu = 00:00:00.01 ; elapsed = 00:00:00 . Memory (MB): peak = 2736.199 ; gain = 0.000 ; free physical = 278 ; free virtual = 11434

Phase 1.2 Setup Constraints And Sort Netlist
Phase 1.2 Setup Constraints And Sort Netlist | Checksum: 1feedd164

Time (s): cpu = 00:00:00.01 ; elapsed = 00:00:00 . Memory (MB): peak = 2736.199 ; gain = 0.000 ; free physical = 278 ; free virtual = 11434
Phase 1 Initialization | Checksum: 1feedd164

Time (s): cpu = 00:00:00.01 ; elapsed = 00:00:00 . Memory (MB): peak = 2736.199 ; gain = 0.000 ; free physical = 278 ; free virtual = 11434

Phase 2 Timer Update And Timing Data Collection

Phase 2.1 Detect if minReqCache needed
Phase 2.1 Detect if minReqCache needed | Checksum: 1feedd164

Time (s): cpu = 00:00:00.01 ; elapsed = 00:00:00 . Memory (MB): peak = 2736.199 ; gain = 0.000 ; free physical = 278 ; free virtual = 11434

Phase 2.2 Timer Update
Phase 2.2 Timer Update | Checksum: 1feedd164

Time (s): cpu = 00:00:00.01 ; elapsed = 00:00:00.01 . Memory (MB): peak = 2736.199 ; gain = 0.000 ; free physical = 278 ; free virtual = 11434
Phase 2 Timer Update And Timing Data Collection | Checksum: 1feedd164

Time (s): cpu = 00:00:00.01 ; elapsed = 00:00:00.01 . Memory (MB): peak = 2736.199 ; gain = 0.000 ; free physical = 278 ; free virtual = 11434

Phase 3 Retarget
INFO: [Opt 31-1851] Number of loadless carry chains removed were: 0
INFO: [Opt 31-1834] Total Chains To Be Transformed Were: 0 AND Number of Transformed insts Created are: 0
INFO: [Opt 31-138] Pushed 0 inverter(s) to 0 load pin(s).
INFO: [Opt 31-49] Retargeted 0 cell(s).
Phase 3 Retarget | Checksum: 1feedd164

Time (s): cpu = 00:00:00.01 ; elapsed = 00:00:00.01 . Memory (MB): peak = 2736.199 ; gain = 0.000 ; free physical = 278 ; free virtual = 11434
Retarget | Checksum: 1feedd164
INFO: [Opt 31-389] Phase Retarget created 0 cells and removed 0 cells

Phase 4 Constant propagation
INFO: [Opt 31-138] Pushed 0 inverter(s) to 0 load pin(s).
Phase 4 Constant propagation | Checksum: 1feedd164

Time (s): cpu = 00:00:00.01 ; elapsed = 00:00:00.02 . Memory (MB): peak = 2736.199 ; gain = 0.000 ; free physical = 278 ; free virtual = 11434
Constant propagation | Checksum: 1feedd164
INFO: [Opt 31-389] Phase Constant propagation created 0 cells and removed 0 cells

Phase 5 Sweep
INFO: [Constraints 18-11670] Building netlist checker database with flags, 0x8
Done building netlist checker database: Time (s): cpu = 00:00:00 ; elapsed = 00:00:00 . Memory (MB): peak = 2736.199 ; gain = 0.000 ; free physical = 278 ; free virtual = 11434
Phase 5 Sweep | Checksum: 1feedd164

Time (s): cpu = 00:00:00.01 ; elapsed = 00:00:00.02 . Memory (MB): peak = 2736.199 ; gain = 0.000 ; free physical = 278 ; free virtual = 11434
Sweep | Checksum: 1feedd164
INFO: [Opt 31-389] Phase Sweep created 0 cells and removed 0 cells

Phase 6 BUFG optimization
Phase 6 BUFG optimization | Checksum: 1feedd164

Time (s): cpu = 00:00:00.02 ; elapsed = 00:00:00.02 . Memory (MB): peak = 2768.215 ; gain = 32.016 ; free physical = 278 ; free virtual = 11434
BUFG optimization | Checksum: 1feedd164
INFO: [Opt 31-662] Phase BUFG optimization created 0 cells of which 0 are BUFGs and removed 0 cells.

Phase 7 Shift Register Optimization
INFO: [Opt 31-1064] SRL Remap converted 0 SRLs to 0 registers and converted 0 registers of register chains to 0 SRLs
Phase 7 Shift Register Optimization | Checksum: 1feedd164

Time (s): cpu = 00:00:00.02 ; elapsed = 00:00:00.02 . Memory (MB): peak = 2768.215 ; gain = 32.016 ; free physical = 278 ; free virtual = 11434
Shift Register Optimization | Checksum: 1feedd164
INFO: [Opt 31-389] Phase Shift Register Optimization created 0 cells and removed 0 cells

Phase 8 Post Processing Netlist
Phase 8 Post Processing Netlist | Checksum: 1feedd164

Time (s): cpu = 00:00:00.02 ; elapsed = 00:00:00.03 . Memory (MB): peak = 2768.215 ; gain = 32.016 ; free physical = 278 ; free virtual = 11434
Post Processing Netlist | Checksum: 1feedd164
INFO: [Opt 31-389] Phase Post Processing Netlist created 0 cells and removed 0 cells

Phase 9 Finalization

Phase 9.1 Finalizing Design Cores and Updating Shapes
Phase 9.1 Finalizing Design Cores and Updating Shapes | Checksum: 1feedd164

Time (s): cpu = 00:00:00.02 ; elapsed = 00:00:00.03 . Memory (MB): peak = 2768.215 ; gain = 32.016 ; free physical = 278 ; free virtual = 11434

Phase 9.2 Verifying Netlist Connectivity

Starting Connectivity Check Task

Time (s): cpu = 00:00:00 ; elapsed = 00:00:00 . Memory (MB): peak = 2768.215 ; gain = 0.000 ; free physical = 278 ; free virtual = 11434
Phase 9.2 Verifying Netlist Connectivity | Checksum: 1feedd164

Time (s): cpu = 00:00:00.02 ; elapsed = 00:00:00.03 . Memory (MB): peak = 2768.215 ; gain = 32.016 ; free physical = 278 ; free virtual = 11434
Phase 9 Finalization | Checksum: 1feedd164

Time (s): cpu = 00:00:00.02 ; elapsed = 00:00:00.03 . Memory (MB): peak = 2768.215 ; gain = 32.016 ; free physical = 278 ; free virtual = 11434
Opt_design Change Summary
=========================


-------------------------------------------------------------------------------------------------------------------------
|  Phase                        |  #Cells created  |  #Cells Removed  |  #Constrained objects preventing optimizations  |
-------------------------------------------------------------------------------------------------------------------------
|  Retarget                     |               0  |               0  |                                              0  |
|  Constant propagation         |               0  |               0  |                                              0  |
|  Sweep                        |               0  |               0  |                                              0  |
|  BUFG optimization            |               0  |               0  |                                              0  |
|  Shift Register Optimization  |               0  |               0  |                                              0  |
|  Post Processing Netlist      |               0  |               0  |                                              0  |
-------------------------------------------------------------------------------------------------------------------------


Ending Logic Optimization Task | Checksum: 1feedd164

Time (s): cpu = 00:00:00.02 ; elapsed = 00:00:00.03 . Memory (MB): peak = 2768.215 ; gain = 32.016 ; free physical = 278 ; free virtual = 11434

Starting Power Optimization Task
INFO: [Pwropt 34-132] Skipping clock gating for clocks with a period < 2.00 ns.
Ending Power Optimization Task | Checksum: 1feedd164

Time (s): cpu = 00:00:00.01 ; elapsed = 00:00:00.01 . Memory (MB): peak = 2768.215 ; gain = 0.000 ; free physical = 278 ; free virtual = 11434

Starting Final Cleanup Task
Ending Final Cleanup Task | Checksum: 1feedd164

Time (s): cpu = 00:00:00 ; elapsed = 00:00:00 . Memory (MB): peak = 2768.215 ; gain = 0.000 ; free physical = 278 ; free virtual = 11434
Netlist sorting complete. Time (s): cpu = 00:00:00 ; elapsed = 00:00:00 . Memory (MB): peak = 2768.215 ; gain = 0.000 ; free physical = 278 ; free virtual = 11434
INFO: [Common 17-83] Releasing license: Implementation
25 Infos, 0 Warnings, 0 Critical Warnings and 0 Errors encountered.
opt_design completed successfully
opt_design: Time (s): cpu = 00:00:05 ; elapsed = 00:00:06 . Memory (MB): peak = 2768.215 ; gain = 901.402 ; free physical = 278 ; free virtual = 11434
INFO: [Vivado 12-24828] Executing command : report_drc -file au_top_0_drc_opted.rpt -pb au_top_0_drc_opted.pb -rpx au_top_0_drc_opted.rpx
Command: report_drc -file au_top_0_drc_opted.rpt -pb au_top_0_drc_opted.pb -rpx au_top_0_drc_opted.rpx
INFO: [IP_Flow 19-234] Refreshing IP repositories
INFO: [IP_Flow 19-1704] No user IP repositories specified
INFO: [IP_Flow 19-2313] Loaded Vivado IP repository '/home/ozy/Documents/2025.2/data/ip'.
INFO: [DRC 23-27] Running DRC with 8 threads
INFO: [Vivado_Tcl 2-168] The results of DRC are in file /home/ozy/alchitry/au_test/work/vivado/au_test/au_test.runs/impl_1/au_top_0_drc_opted.rpt.
report_drc completed successfully
INFO: [Timing 38-480] Writing timing data to binary archive.
Write ShapeDB Complete: Time (s): cpu = 00:00:00.01 ; elapsed = 00:00:00 . Memory (MB): peak = 2768.215 ; gain = 0.000 ; free physical = 282 ; free virtual = 11439
Wrote PlaceDB: Time (s): cpu = 00:00:00 ; elapsed = 00:00:00 . Memory (MB): peak = 2768.215 ; gain = 0.000 ; free physical = 282 ; free virtual = 11439
Wrote PulsedLatchDB: Time (s): cpu = 00:00:00 ; elapsed = 00:00:00 . Memory (MB): peak = 2768.215 ; gain = 0.000 ; free physical = 282 ; free virtual = 11439
Writing XDEF routing.
Writing XDEF routing logical nets.
Writing XDEF routing special nets.
Wrote RouteStorage: Time (s): cpu = 00:00:00.01 ; elapsed = 00:00:00.01 . Memory (MB): peak = 2768.215 ; gain = 0.000 ; free physical = 282 ; free virtual = 11439
Wrote PlaceStorage: Time (s): cpu = 00:00:00 ; elapsed = 00:00:00 . Memory (MB): peak = 2768.215 ; gain = 0.000 ; free physical = 282 ; free virtual = 11439
Wrote Netlist Cache: Time (s): cpu = 00:00:00 ; elapsed = 00:00:00 . Memory (MB): peak = 2768.215 ; gain = 0.000 ; free physical = 282 ; free virtual = 11439
Wrote Device Cache: Time (s): cpu = 00:00:00.01 ; elapsed = 00:00:00.01 . Memory (MB): peak = 2768.215 ; gain = 0.000 ; free physical = 282 ; free virtual = 11439
Write Physdb Complete: Time (s): cpu = 00:00:00.02 ; elapsed = 00:00:00.02 . Memory (MB): peak = 2768.215 ; gain = 0.000 ; free physical = 282 ; free virtual = 11439
INFO: [Common 17-1381] The checkpoint '/home/ozy/alchitry/au_test/work/vivado/au_test/au_test.runs/impl_1/au_top_0_opt.dcp' has been generated.
Command: place_design
Attempting to get a license for feature 'Implementation' and/or device 'xc7a35t'
INFO: [Common 17-349] Got license for feature 'Implementation' and/or device 'xc7a35t'
INFO: [Common 17-83] Releasing license: Implementation
INFO: [DRC 23-27] Running DRC with 8 threads
INFO: [Vivado_Tcl 4-198] DRC finished with 0 Errors
INFO: [Vivado_Tcl 4-199] Please refer to the DRC report (report_drc) for more information.
INFO: [Timing 38-35] Done setting XDC timing constraints.
Running DRC as a precondition to command place_design
INFO: [DRC 23-27] Running DRC with 8 threads
INFO: [Vivado_Tcl 4-198] DRC finished with 0 Errors
INFO: [Vivado_Tcl 4-199] Please refer to the DRC report (report_drc) for more information.
INFO: [Place 30-611] Multithreading enabled for place_design using a maximum of 8 CPUs

Starting Placer Task

Phase 1 Placer Initialization

Phase 1.1 Placer Initialization Netlist Sorting
Netlist sorting complete. Time (s): cpu = 00:00:00 ; elapsed = 00:00:00 . Memory (MB): peak = 2768.215 ; gain = 0.000 ; free physical = 280 ; free virtual = 11438
Phase 1.1 Placer Initialization Netlist Sorting | Checksum: 1b2aaf23f

Time (s): cpu = 00:00:00 ; elapsed = 00:00:00 . Memory (MB): peak = 2768.215 ; gain = 0.000 ; free physical = 280 ; free virtual = 11438
Netlist sorting complete. Time (s): cpu = 00:00:00 ; elapsed = 00:00:00 . Memory (MB): peak = 2768.215 ; gain = 0.000 ; free physical = 280 ; free virtual = 11437

Phase 1.2 IO Placement/ Clock Placement/ Build Placer Device
Phase 1.2 IO Placement/ Clock Placement/ Build Placer Device | Checksum: 1b2aaf23f

Time (s): cpu = 00:00:00.16 ; elapsed = 00:00:00.05 . Memory (MB): peak = 2824.242 ; gain = 56.027 ; free physical = 279 ; free virtual = 11437

Phase 1.3 Build Placer Netlist Model
WARNING: [Place 30-2953] Timing driven mode will be turned off because no critical terminals were found.
Phase 1.3 Build Placer Netlist Model | Checksum: 252cdac85

Time (s): cpu = 00:00:00.27 ; elapsed = 00:00:00.09 . Memory (MB): peak = 2856.258 ; gain = 88.043 ; free physical = 279 ; free virtual = 11438

Phase 1.4 Constrain Clocks/Macros
Phase 1.4 Constrain Clocks/Macros | Checksum: 252cdac85

Time (s): cpu = 00:00:00.27 ; elapsed = 00:00:00.09 . Memory (MB): peak = 2856.258 ; gain = 88.043 ; free physical = 278 ; free virtual = 11439
Phase 1 Placer Initialization | Checksum: 252cdac85

Time (s): cpu = 00:00:00.27 ; elapsed = 00:00:00.09 . Memory (MB): peak = 2856.258 ; gain = 88.043 ; free physical = 277 ; free virtual = 11438

Phase 2 Final Placement Cleanup
Netlist sorting complete. Time (s): cpu = 00:00:00 ; elapsed = 00:00:00 . Memory (MB): peak = 2856.258 ; gain = 0.000 ; free physical = 277 ; free virtual = 11438

Time (s): cpu = 00:00:00.27 ; elapsed = 00:00:00.1 . Memory (MB): peak = 2856.258 ; gain = 88.043 ; free physical = 277 ; free virtual = 11438
INFO: [Place 30-281] No place-able instance is found; design doesn't contain any instance or all instances are placed
Ending Placer Task | Checksum: 1b2aaf23f

Time (s): cpu = 00:00:00.27 ; elapsed = 00:00:00.1 . Memory (MB): peak = 2856.258 ; gain = 88.043 ; free physical = 277 ; free virtual = 11438
44 Infos, 1 Warnings, 0 Critical Warnings and 0 Errors encountered.
place_design completed successfully
INFO: [Vivado 12-24838] Running report commands "report_control_sets, report_io, report_utilization" in parallel.
Running report generation with 3 threads.
INFO: [Vivado 12-24828] Executing command : report_control_sets -verbose -file au_top_0_control_sets_placed.rpt
report_control_sets: Time (s): cpu = 00:00:00.02 ; elapsed = 00:00:00.07 . Memory (MB): peak = 2856.258 ; gain = 0.000 ; free physical = 260 ; free virtual = 11421
INFO: [Vivado 12-24828] Executing command : report_utilization -file au_top_0_utilization_placed.rpt -pb au_top_0_utilization_placed.pb
INFO: [Vivado 12-24828] Executing command : report_io -file au_top_0_io_placed.rpt
report_io: Time (s): cpu = 00:00:00.07 ; elapsed = 00:00:00.17 . Memory (MB): peak = 2856.258 ; gain = 0.000 ; free physical = 254 ; free virtual = 11415
INFO: [Timing 38-480] Writing timing data to binary archive.
Write ShapeDB Complete: Time (s): cpu = 00:00:00.01 ; elapsed = 00:00:00.01 . Memory (MB): peak = 2856.258 ; gain = 0.000 ; free physical = 263 ; free virtual = 11425
Wrote PlaceDB: Time (s): cpu = 00:00:00 ; elapsed = 00:00:00 . Memory (MB): peak = 2856.258 ; gain = 0.000 ; free physical = 263 ; free virtual = 11425
Wrote PulsedLatchDB: Time (s): cpu = 00:00:00 ; elapsed = 00:00:00 . Memory (MB): peak = 2856.258 ; gain = 0.000 ; free physical = 263 ; free virtual = 11425
Writing XDEF routing.
Writing XDEF routing logical nets.
Writing XDEF routing special nets.
Wrote RouteStorage: Time (s): cpu = 00:00:00.01 ; elapsed = 00:00:00 . Memory (MB): peak = 2856.258 ; gain = 0.000 ; free physical = 263 ; free virtual = 11425
Wrote PlaceStorage: Time (s): cpu = 00:00:00 ; elapsed = 00:00:00 . Memory (MB): peak = 2856.258 ; gain = 0.000 ; free physical = 263 ; free virtual = 11425
Wrote Netlist Cache: Time (s): cpu = 00:00:00 ; elapsed = 00:00:00 . Memory (MB): peak = 2856.258 ; gain = 0.000 ; free physical = 263 ; free virtual = 11425
Wrote Device Cache: Time (s): cpu = 00:00:00.01 ; elapsed = 00:00:00.01 . Memory (MB): peak = 2856.258 ; gain = 0.000 ; free physical = 263 ; free virtual = 11425
Write Physdb Complete: Time (s): cpu = 00:00:00.02 ; elapsed = 00:00:00.02 . Memory (MB): peak = 2856.258 ; gain = 0.000 ; free physical = 263 ; free virtual = 11425
INFO: [Common 17-1381] The checkpoint '/home/ozy/alchitry/au_test/work/vivado/au_test/au_test.runs/impl_1/au_top_0_placed.dcp' has been generated.
Command: phys_opt_design
Attempting to get a license for feature 'Implementation' and/or device 'xc7a35t'
INFO: [Common 17-349] Got license for feature 'Implementation' and/or device 'xc7a35t'

Starting Initial Update Timing Task
INFO: [Timing 38-35] Done setting XDC timing constraints.

Time (s): cpu = 00:00:00.01 ; elapsed = 00:00:00.01 . Memory (MB): peak = 2856.258 ; gain = 0.000 ; free physical = 258 ; free virtual = 11420
INFO: [Vivado_Tcl 4-2279] Estimated Timing Summary | WNS= 0.000 | TNS= 0.000 | 
INFO: [Vivado_Tcl 4-383] Design worst setup slack (WNS) is greater than or equal to 0.000 ns. All physical synthesis setup optimizations will be skipped.
INFO: [Vivado_Tcl 4-232] No setup violation found. The netlist was not modified.
INFO: [Common 17-83] Releasing license: Implementation
56 Infos, 1 Warnings, 0 Critical Warnings and 0 Errors encountered.
phys_opt_design completed successfully
INFO: [Timing 38-480] Writing timing data to binary archive.
Write ShapeDB Complete: Time (s): cpu = 00:00:00 ; elapsed = 00:00:00 . Memory (MB): peak = 2856.258 ; gain = 0.000 ; free physical = 258 ; free virtual = 11420
Wrote PlaceDB: Time (s): cpu = 00:00:00 ; elapsed = 00:00:00 . Memory (MB): peak = 2856.258 ; gain = 0.000 ; free physical = 258 ; free virtual = 11420
Wrote PulsedLatchDB: Time (s): cpu = 00:00:00 ; elapsed = 00:00:00 . Memory (MB): peak = 2856.258 ; gain = 0.000 ; free physical = 258 ; free virtual = 11420
Writing XDEF routing.
Writing XDEF routing logical nets.
Writing XDEF routing special nets.
Wrote RouteStorage: Time (s): cpu = 00:00:00.02 ; elapsed = 00:00:00.01 . Memory (MB): peak = 2856.258 ; gain = 0.000 ; free physical = 258 ; free virtual = 11420
Wrote PlaceStorage: Time (s): cpu = 00:00:00 ; elapsed = 00:00:00 . Memory (MB): peak = 2856.258 ; gain = 0.000 ; free physical = 258 ; free virtual = 11420
Wrote Netlist Cache: Time (s): cpu = 00:00:00 ; elapsed = 00:00:00 . Memory (MB): peak = 2856.258 ; gain = 0.000 ; free physical = 258 ; free virtual = 11420
Wrote Device Cache: Time (s): cpu = 00:00:00.01 ; elapsed = 00:00:00 . Memory (MB): peak = 2856.258 ; gain = 0.000 ; free physical = 258 ; free virtual = 11420
Write Physdb Complete: Time (s): cpu = 00:00:00.03 ; elapsed = 00:00:00.01 . Memory (MB): peak = 2856.258 ; gain = 0.000 ; free physical = 258 ; free virtual = 11420
INFO: [Common 17-1381] The checkpoint '/home/ozy/alchitry/au_test/work/vivado/au_test/au_test.runs/impl_1/au_top_0_physopt.dcp' has been generated.
Command: route_design
Attempting to get a license for feature 'Implementation' and/or device 'xc7a35t'
INFO: [Common 17-349] Got license for feature 'Implementation' and/or device 'xc7a35t'


Starting Routing Task
INFO: [Route 35-254] Multithreading enabled for route_design using a maximum of 8 CPUs

Phase 1 Build RT Design
Checksum: PlaceDB: c324b140 ConstDB: 0 ShapeSum: 4f04e4a8 RouteDB: a0815c57
Post Restoration Checksum: NetGraph: ee60a682 | NumContArr: 636ecad | Constraints: c2a8fa9d | Timing: c2a8fa9d
Phase 1 Build RT Design | Checksum: 279e98869

Time (s): cpu = 00:00:12 ; elapsed = 00:00:10 . Memory (MB): peak = 2856.258 ; gain = 0.000 ; free physical = 418 ; free virtual = 11484

Phase 2 Router Initialization

Phase 2.1 Fix Topology Constraints
Phase 2.1 Fix Topology Constraints | Checksum: 279e98869

Time (s): cpu = 00:00:12 ; elapsed = 00:00:10 . Memory (MB): peak = 2856.258 ; gain = 0.000 ; free physical = 417 ; free virtual = 11484

Phase 2.2 Pre Route Cleanup
Phase 2.2 Pre Route Cleanup | Checksum: 279e98869

Time (s): cpu = 00:00:12 ; elapsed = 00:00:10 . Memory (MB): peak = 2856.258 ; gain = 0.000 ; free physical = 417 ; free virtual = 11484
 Number of Nodes with overlaps = 0

Phase 2.3 Update Timing
Phase 2.3 Update Timing | Checksum: 2e6405d38

Time (s): cpu = 00:00:12 ; elapsed = 00:00:11 . Memory (MB): peak = 2856.258 ; gain = 0.000 ; free physical = 417 ; free virtual = 11484

Phase 2.4 Soft Constraint Pins - Fast Budgeting
Phase 2.4 Soft Constraint Pins - Fast Budgeting | Checksum: 2e6405d38

Time (s): cpu = 00:00:12 ; elapsed = 00:00:11 . Memory (MB): peak = 2856.258 ; gain = 0.000 ; free physical = 417 ; free virtual = 11484

Router Utilization Summary
  Global Vertical Routing Utilization    = 0 %
  Global Horizontal Routing Utilization  = 0 %
  Routable Net Status*
  *Does not include unroutable nets such as driverless and loadless.
  Run report_route_status for detailed report.
  Number of Failed Nets               = 1
    (Failed Nets is the sum of unrouted and partially routed nets)
  Number of Unrouted Nets             = 1
  Number of Partially Routed Nets     = 0
  Number of Node Overlaps             = 0

Phase 2 Router Initialization | Checksum: 2e6405d38

Time (s): cpu = 00:00:13 ; elapsed = 00:00:11 . Memory (MB): peak = 2856.258 ; gain = 0.000 ; free physical = 416 ; free virtual = 11484

Phase 3 Global Routing
Phase 3 Global Routing | Checksum: 2e6405d38

Time (s): cpu = 00:00:13 ; elapsed = 00:00:11 . Memory (MB): peak = 2856.258 ; gain = 0.000 ; free physical = 416 ; free virtual = 11484

Phase 4 Initial Routing

Phase 4.1 Initial Net Routing Pass
 Number of Nodes with overlaps = 0
Phase 4.1 Initial Net Routing Pass | Checksum: 1bcf945a0

Time (s): cpu = 00:00:13 ; elapsed = 00:00:11 . Memory (MB): peak = 2856.258 ; gain = 0.000 ; free physical = 416 ; free virtual = 11484
Phase 4 Initial Routing | Checksum: 1bcf945a0

Time (s): cpu = 00:00:13 ; elapsed = 00:00:11 . Memory (MB): peak = 2856.258 ; gain = 0.000 ; free physical = 416 ; free virtual = 11484

Phase 5 Rip-up And Reroute

Phase 5.1 Global Iteration 0
Phase 5.1 Global Iteration 0 | Checksum: 1bcf945a0

Time (s): cpu = 00:00:13 ; elapsed = 00:00:11 . Memory (MB): peak = 2856.258 ; gain = 0.000 ; free physical = 416 ; free virtual = 11484
Phase 5 Rip-up And Reroute | Checksum: 1bcf945a0

Time (s): cpu = 00:00:13 ; elapsed = 00:00:11 . Memory (MB): peak = 2856.258 ; gain = 0.000 ; free physical = 416 ; free virtual = 11484

Phase 6 Delay and Skew Optimization

Phase 6.1 Delay CleanUp
Phase 6.1 Delay CleanUp | Checksum: 1bcf945a0

Time (s): cpu = 00:00:13 ; elapsed = 00:00:11 . Memory (MB): peak = 2856.258 ; gain = 0.000 ; free physical = 416 ; free virtual = 11484

Phase 6.2 Clock Skew Optimization
Phase 6.2 Clock Skew Optimization | Checksum: 1bcf945a0

Time (s): cpu = 00:00:13 ; elapsed = 00:00:11 . Memory (MB): peak = 2856.258 ; gain = 0.000 ; free physical = 416 ; free virtual = 11484
Phase 6 Delay and Skew Optimization | Checksum: 1bcf945a0

Time (s): cpu = 00:00:13 ; elapsed = 00:00:11 . Memory (MB): peak = 2856.258 ; gain = 0.000 ; free physical = 416 ; free virtual = 11484

Phase 7 Post Hold Fix

Phase 7.1 Hold Fix Iter
Phase 7.1 Hold Fix Iter | Checksum: 1bcf945a0

Time (s): cpu = 00:00:13 ; elapsed = 00:00:11 . Memory (MB): peak = 2856.258 ; gain = 0.000 ; free physical = 416 ; free virtual = 11484
Phase 7 Post Hold Fix | Checksum: 1bcf945a0

Time (s): cpu = 00:00:13 ; elapsed = 00:00:11 . Memory (MB): peak = 2856.258 ; gain = 0.000 ; free physical = 416 ; free virtual = 11484

Phase 8 Route finalize

Router Utilization Summary
  Global Vertical Routing Utilization    = 7.97257e-05 %
  Global Horizontal Routing Utilization  = 0.000130141 %
  Routable Net Status*
  *Does not include unroutable nets such as driverless and loadless.
  Run report_route_status for detailed report.
  Number of Failed Nets               = 0
    (Failed Nets is the sum of unrouted and partially routed nets)
  Number of Unrouted Nets             = 0
  Number of Partially Routed Nets     = 0
  Number of Node Overlaps             = 0

Phase 8 Route finalize | Checksum: 1bcf945a0

Time (s): cpu = 00:00:13 ; elapsed = 00:00:11 . Memory (MB): peak = 2856.258 ; gain = 0.000 ; free physical = 416 ; free virtual = 11484

Phase 9 Verifying routed nets

 Verification completed successfully
Phase 9 Verifying routed nets | Checksum: 1bcf945a0

Time (s): cpu = 00:00:13 ; elapsed = 00:00:11 . Memory (MB): peak = 2856.258 ; gain = 0.000 ; free physical = 415 ; free virtual = 11483

Phase 10 Depositing Routes
Phase 10 Depositing Routes | Checksum: 1bcf945a0

Time (s): cpu = 00:00:13 ; elapsed = 00:00:11 . Memory (MB): peak = 2856.258 ; gain = 0.000 ; free physical = 415 ; free virtual = 11483

Phase 11 Post Process Routing
Phase 11 Post Process Routing | Checksum: 1bcf945a0

Time (s): cpu = 00:00:13 ; elapsed = 00:00:11 . Memory (MB): peak = 2856.258 ; gain = 0.000 ; free physical = 415 ; free virtual = 11483

Phase 12 Post Router Timing
Phase 12 Post Router Timing | Checksum: 1bcf945a0

Time (s): cpu = 00:00:13 ; elapsed = 00:00:11 . Memory (MB): peak = 2856.258 ; gain = 0.000 ; free physical = 415 ; free virtual = 11483
Total Elapsed time in route_design: 10.64 secs

Phase 13 Post-Route Event Processing
Phase 13 Post-Route Event Processing | Checksum: 1900973e7

Time (s): cpu = 00:00:13 ; elapsed = 00:00:11 . Memory (MB): peak = 2856.258 ; gain = 0.000 ; free physical = 415 ; free virtual = 11483
INFO: [Route 35-16] Router Completed Successfully
Ending Routing Task | Checksum: 1900973e7

Time (s): cpu = 00:00:13 ; elapsed = 00:00:11 . Memory (MB): peak = 2856.258 ; gain = 0.000 ; free physical = 415 ; free virtual = 11483

Routing Is Done.
INFO: [Common 17-83] Releasing license: Implementation
62 Infos, 1 Warnings, 0 Critical Warnings and 0 Errors encountered.
route_design completed successfully
route_design: Time (s): cpu = 00:00:13 ; elapsed = 00:00:11 . Memory (MB): peak = 2856.258 ; gain = 0.000 ; free physical = 415 ; free virtual = 11483
INFO: [Vivado 12-24828] Executing command : report_drc -file au_top_0_drc_routed.rpt -pb au_top_0_drc_routed.pb -rpx au_top_0_drc_routed.rpx
Command: report_drc -file au_top_0_drc_routed.rpt -pb au_top_0_drc_routed.pb -rpx au_top_0_drc_routed.rpx
INFO: [IP_Flow 19-1839] IP Catalog is up to date.
INFO: [DRC 23-27] Running DRC with 8 threads
INFO: [Vivado_Tcl 2-168] The results of DRC are in file /home/ozy/alchitry/au_test/work/vivado/au_test/au_test.runs/impl_1/au_top_0_drc_routed.rpt.
report_drc completed successfully
INFO: [Vivado 12-24828] Executing command : report_methodology -file au_top_0_methodology_drc_routed.rpt -pb au_top_0_methodology_drc_routed.pb -rpx au_top_0_methodology_drc_routed.rpx
Command: report_methodology -file au_top_0_methodology_drc_routed.rpt -pb au_top_0_methodology_drc_routed.pb -rpx au_top_0_methodology_drc_routed.rpx
INFO: [Timing 38-35] Done setting XDC timing constraints.
INFO: [DRC 23-133] Running Methodology with 8 threads
INFO: [Vivado_Tcl 2-1520] The results of Report Methodology are in file /home/ozy/alchitry/au_test/work/vivado/au_test/au_test.runs/impl_1/au_top_0_methodology_drc_routed.rpt.
report_methodology completed successfully
INFO: [Vivado 12-24828] Executing command : report_timing_summary -max_paths 10 -routable_nets -report_unconstrained -file au_top_0_timing_summary_routed.rpt -pb au_top_0_timing_summary_routed.pb -rpx au_top_0_timing_summary_routed.rpx -warn_on_violation 
INFO: [Timing 38-35] Done setting XDC timing constraints.
INFO: [Timing 38-91] UpdateTimingParams: Speed grade: -1, Delay Type: min_max.
INFO: [Timing 38-191] Multithreading enabled for timing update using a maximum of 8 CPUs
INFO: [Vivado 12-24838] Running report commands "report_bus_skew, report_incremental_reuse, report_route_status" in parallel.
Running report generation with 3 threads.
INFO: [Vivado 12-24828] Executing command : report_incremental_reuse -file au_top_0_incremental_reuse_routed.rpt
INFO: [Vivado_Tcl 4-1062] Incremental flow is disabled. No incremental reuse Info to report.
INFO: [Vivado 12-24828] Executing command : report_route_status -file au_top_0_route_status.rpt -pb au_top_0_route_status.pb
INFO: [Vivado 12-24828] Executing command : report_bus_skew -warn_on_violation -file au_top_0_bus_skew_routed.rpt -pb au_top_0_bus_skew_routed.pb -rpx au_top_0_bus_skew_routed.rpx
INFO: [Timing 38-91] UpdateTimingParams: Speed grade: -1, Delay Type: min_max.
INFO: [Timing 38-191] Multithreading enabled for timing update using a maximum of 8 CPUs
INFO: [Vivado 12-24828] Executing command : report_power -file au_top_0_power_routed.rpt -pb au_top_0_power_summary_routed.pb -rpx au_top_0_power_routed.rpx
Command: report_power -file au_top_0_power_routed.rpt -pb au_top_0_power_summary_routed.pb -rpx au_top_0_power_routed.rpx
Running Vector-less Activity Propagation...

Finished Running Vector-less Activity Propagation
82 Infos, 1 Warnings, 0 Critical Warnings and 0 Errors encountered.
report_power completed successfully
INFO: [Vivado 12-24828] Executing command : report_clock_utilization -file au_top_0_clock_utilization_routed.rpt
INFO: [Timing 38-480] Writing timing data to binary archive.
Wrote PlaceDB: Time (s): cpu = 00:00:00 ; elapsed = 00:00:00 . Memory (MB): peak = 2871.316 ; gain = 0.000 ; free physical = 397 ; free virtual = 11468
Write ShapeDB Complete: Time (s): cpu = 00:00:00 ; elapsed = 00:00:00 . Memory (MB): peak = 2871.316 ; gain = 0.000 ; free physical = 397 ; free virtual = 11468
Wrote PulsedLatchDB: Time (s): cpu = 00:00:00 ; elapsed = 00:00:00 . Memory (MB): peak = 2871.316 ; gain = 0.000 ; free physical = 397 ; free virtual = 11468
Writing XDEF routing.
Writing XDEF routing logical nets.
Writing XDEF routing special nets.
Wrote RouteStorage: Time (s): cpu = 00:00:00.02 ; elapsed = 00:00:00.01 . Memory (MB): peak = 2871.316 ; gain = 0.000 ; free physical = 397 ; free virtual = 11468
Wrote PlaceStorage: Time (s): cpu = 00:00:00 ; elapsed = 00:00:00 . Memory (MB): peak = 2871.316 ; gain = 0.000 ; free physical = 397 ; free virtual = 11468
Wrote Netlist Cache: Time (s): cpu = 00:00:00 ; elapsed = 00:00:00 . Memory (MB): peak = 2871.316 ; gain = 0.000 ; free physical = 397 ; free virtual = 11468
Wrote Device Cache: Time (s): cpu = 00:00:00.01 ; elapsed = 00:00:00 . Memory (MB): peak = 2871.316 ; gain = 0.000 ; free physical = 397 ; free virtual = 11468
Write Physdb Complete: Time (s): cpu = 00:00:00.03 ; elapsed = 00:00:00.01 . Memory (MB): peak = 2871.316 ; gain = 0.000 ; free physical = 397 ; free virtual = 11468
INFO: [Common 17-1381] The checkpoint '/home/ozy/alchitry/au_test/work/vivado/au_test/au_test.runs/impl_1/au_top_0_routed.dcp' has been generated.
Command: write_bitstream -force au_top_0.bit -bin_file
Attempting to get a license for feature 'Implementation' and/or device 'xc7a35t'
INFO: [Common 17-349] Got license for feature 'Implementation' and/or device 'xc7a35t'
Running DRC as a precondition to command write_bitstream
INFO: [IP_Flow 19-1839] IP Catalog is up to date.
INFO: [DRC 23-27] Running DRC with 8 threads
INFO: [Vivado 12-3199] DRC finished with 0 Errors
INFO: [Vivado 12-3200] Please refer to the DRC report (report_drc) for more information.
Integrating Hard IP ELF/MEM with the PDI.
INFO: [Designutils 20-2272] Running write_bitstream with 8 threads.
Loading data files...
Loading site data...
Loading route data...
Processing options...
Creating bitmap...
Creating bitstream...
Bitstream compression saved 15943904 bits.
Writing bitstream ./au_top_0.bit...
Writing bitstream ./au_top_0.bin...
INFO: [Vivado 12-1842] Bitgen Completed Successfully.
INFO: [Common 17-83] Releasing license: Implementation
93 Infos, 1 Warnings, 0 Critical Warnings and 0 Errors encountered.
write_bitstream completed successfully
write_bitstream: Time (s): cpu = 00:00:04 ; elapsed = 00:00:23 . Memory (MB): peak = 2992.691 ; gain = 121.375 ; free physical = 304 ; free virtual = 11285
INFO: [Common 17-206] Exiting Vivado at Tue Mar 31 15:16:11 2026...
[Tue Mar 31 15:16:12 2026] impl_1 finished
wait_on_runs: Time (s): cpu = 00:00:37 ; elapsed = 00:00:50 . Memory (MB): peak = 1610.414 ; gain = 0.000 ; free physical = 2070 ; free virtual = 13051
INFO: [Common 17-206] Exiting Vivado at Tue Mar 31 15:16:12 2026...
Vivado exited.

Finished building project.
